00:06.469  blend            | Read blend: "C:\Users\chidj\project\プロダクト\Grimo\assets\grimo\production\carol\blender\carol-hero-modules-v002.blend"
00:07.156  blend            | Read blend: "C:\Users\chidj\project\プロダクト\Grimo\assets\grimo\production\carol\blender\carol-hero-modules-v003.blend"
00:15.078  render           | Saved: 'C:\Users\chidj\project\プロダクト\Grimo\docs\production\carol\evidence\hero-modules-v003\ear-front-candidate.png'
00:22.062  render           | Saved: 'C:\Users\chidj\project\プロダクト\Grimo\docs\production\carol\evidence\hero-modules-v003\ear-side-candidate.png'
00:29.656  render           | Saved: 'C:\Users\chidj\project\プロダクト\Grimo\docs\production\carol\evidence\hero-modules-v003\ear-top-candidate.png'
00:37.281  render           | Saved: 'C:\Users\chidj\project\プロダクト\Grimo\docs\production\carol\evidence\hero-modules-v003\ear-3q-candidate.png'
00:49.375  render           | Saved: 'C:\Users\chidj\project\プロダクト\Grimo\docs\production\carol\evidence\hero-modules-v003\hoof-front-candidate.png'
01:01.031  render           | Saved: 'C:\Users\chidj\project\プロダクト\Grimo\docs\production\carol\evidence\hero-modules-v003\hoof-side-candidate.png'
01:12.125  render           | Saved: 'C:\Users\chidj\project\プロダクト\Grimo\docs\production\carol\evidence\hero-modules-v003\hoof-top-candidate.png'
01:24.250  render           | Saved: 'C:\Users\chidj\project\プロダクト\Grimo\docs\production\carol\evidence\hero-modules-v003\hoof-3q-candidate.png'
01:48.875  render           | Saved: 'C:\Users\chidj\project\プロダクト\Grimo\docs\production\carol\evidence\hero-modules-v003\carol-front.png'
02:20.203  render           | Saved: 'C:\Users\chidj\project\プロダクト\Grimo\docs\production\carol\evidence\hero-modules-v003\eye-front.png'
02:44.687  render           | Saved: 'C:\Users\chidj\project\プロダクト\Grimo\docs\production\carol\evidence\hero-modules-v003\carol-side.png'
03:11.187  render           | Saved: 'C:\Users\chidj\project\プロダクト\Grimo\docs\production\carol\evidence\hero-modules-v003\eye-side.png'
03:35.641  render           | Saved: 'C:\Users\chidj\project\プロダクト\Grimo\docs\production\carol\evidence\hero-modules-v003\carol-3q-left.png'
04:03.578  render           | Saved: 'C:\Users\chidj\project\プロダクト\Grimo\docs\production\carol\evidence\hero-modules-v003\eye-3q-left.png'
04:29.453  render           | Saved: 'C:\Users\chidj\project\プロダクト\Grimo\docs\production\carol\evidence\hero-modules-v003\carol-3q-right.png'
04:57.719  render           | Saved: 'C:\Users\chidj\project\プロダクト\Grimo\docs\production\carol\evidence\hero-modules-v003\eye-3q-right.png'
Info: Saved as "carol-hero-modules-v003.blend"
HERO_MODULES_V003_COMPLETE {"frozen": 31, "changed": ["EAR_L", "EAR_R", "EYELID_L", "EYELID_R", "EYE_L", "EYE_R", "HOOF_FORE_L", "HOOF_FORE_R", "HOOF_HIND_L", "HOOF_HIND_R"]}
Blender 5.2.1 LTS (hash 9e2066aef7ef built 2026-08-25 02:38:20)

Blender quit
